============================= test session starts =============================
platform win32 -- Python 3.13.7, pytest-9.0.2, pluggy-1.6.0 -- C:\Python 3.13.7\python.exe
cachedir: .pytest_cache
rootdir: C:\Users\Meshell\Desktop\FastHTML\Faststrap
configfile: pyproject.toml
testpaths: tests
plugins: anyio-4.11.0, asyncio-1.3.0, cov-7.0.0
asyncio: mode=Mode.STRICT, debug=False, asyncio_default_fixture_loop_scope=None, asyncio_default_test_loop_scope=function
collecting ... collected 539 items

tests/test_components/test_accordion.py::TestAccordion::test_accordion_renders PASSED [  0%]
tests/test_components/test_accordion.py::TestAccordion::test_accordion_ids PASSED [  0%]
tests/test_components/test_accordion.py::TestAccordion::test_flush PASSED [  0%]
tests/test_components/test_accordion.py::TestAccordion::test_always_open PASSED [  0%]
tests/test_components/test_accordion.py::TestAccordion::test_expanded_item PASSED [  0%]
tests/test_components/test_accordion.py::TestAccordion::test_custom_classes PASSED [  1%]
tests/test_components/test_alert.py::test_alert_basic PASSED             [  1%]
tests/test_components/test_alert.py::test_alert_variants PASSED          [  1%]
tests/test_components/test_alert.py::test_alert_dismissible PASSED       [  1%]
tests/test_components/test_alert.py::test_alert_not_dismissible_by_default PASSED [  1%]
tests/test_components/test_alert.py::test_alert_with_heading PASSED      [  2%]
tests/test_components/test_alert.py::test_alert_without_heading PASSED   [  2%]
tests/test_components/test_alert.py::test_alert_custom_classes PASSED    [  2%]
tests/test_components/test_alert.py::test_alert_htmx PASSED              [  2%]
tests/test_components/test_alert.py::test_alert_multiple_children PASSED [  2%]
tests/test_components/test_alert.py::test_alert_data_attributes PASSED   [  2%]
tests/test_components/test_alert.py::test_alert_dismissible_with_heading PASSED [  3%]
tests/test_components/test_alert.py::test_alert_aria_attributes PASSED   [  3%]
tests/test_components/test_badge.py::test_badge_basic PASSED             [  3%]
tests/test_components/test_badge.py::test_badge_variants PASSED          [  3%]
tests/test_components/test_badge.py::test_badge_pill PASSED              [  3%]
tests/test_components/test_badge.py::test_badge_not_pill_by_default PASSED [  4%]
tests/test_components/test_badge.py::test_badge_custom_classes PASSED    [  4%]
tests/test_components/test_badge.py::test_badge_htmx PASSED              [  4%]
tests/test_components/test_badge.py::test_badge_multiple_children PASSED [  4%]
tests/test_components/test_badge.py::test_badge_data_attributes PASSED   [  4%]
tests/test_components/test_breadcrumb.py::test_breadcrumb_basic PASSED   [  5%]
tests/test_components/test_breadcrumb.py::test_breadcrumb_last_active PASSED [  5%]
tests/test_components/test_breadcrumb.py::test_breadcrumb_explicit_active PASSED [  5%]
tests/test_components/test_breadcrumb.py::test_breadcrumb_links PASSED   [  5%]
tests/test_components/test_breadcrumb.py::test_breadcrumb_custom_classes PASSED [  5%]
tests/test_components/test_breadcrumb.py::test_breadcrumb_aria_label PASSED [  5%]
tests/test_components/test_breadcrumb.py::test_breadcrumb_single_item PASSED [  6%]
tests/test_components/test_breadcrumb.py::test_breadcrumb_htmx PASSED    [  6%]
tests/test_components/test_breadcrumb.py::test_breadcrumb_data_attributes PASSED [  6%]
tests/test_components/test_button.py::test_button_basic PASSED           [  6%]
tests/test_components/test_button.py::test_button_variants PASSED        [  6%]
tests/test_components/test_button.py::test_button_outline PASSED         [  7%]
tests/test_components/test_button.py::test_button_sizes PASSED           [  7%]
tests/test_components/test_button.py::test_button_disabled PASSED        [  7%]
tests/test_components/test_button.py::test_button_loading PASSED         [  7%]
tests/test_components/test_button.py::test_button_icon PASSED            [  7%]
tests/test_components/test_button.py::test_button_htmx PASSED            [  7%]
tests/test_components/test_button.py::test_button_custom_classes PASSED  [  8%]
tests/test_components/test_button.py::test_button_htmx_conversion PASSED [  8%]
tests/test_components/test_button.py::test_button_html5_attributes PASSED [  8%]
tests/test_components/test_buttongroup.py::test_buttongroup_basic PASSED [  8%]
tests/test_components/test_buttongroup.py::test_buttongroup_sizes PASSED [  8%]
tests/test_components/test_buttongroup.py::test_buttongroup_vertical PASSED [  9%]
tests/test_components/test_buttongroup.py::test_buttongroup_horizontal_default PASSED [  9%]
tests/test_components/test_buttongroup.py::test_buttongroup_custom_classes PASSED [  9%]
tests/test_components/test_buttongroup.py::test_buttongroup_data_attributes PASSED [  9%]
tests/test_components/test_buttongroup.py::test_buttontoolbar_basic PASSED [  9%]
tests/test_components/test_buttongroup.py::test_buttontoolbar_custom_classes PASSED [ 10%]
tests/test_components/test_buttongroup.py::test_buttongroup_with_variants PASSED [ 10%]
tests/test_components/test_card.py::test_card_basic PASSED               [ 10%]
tests/test_components/test_card.py::test_card_with_title PASSED          [ 10%]
tests/test_components/test_card.py::test_card_with_subtitle PASSED       [ 10%]
tests/test_components/test_card.py::test_card_with_header PASSED         [ 10%]
tests/test_components/test_card.py::test_card_with_footer PASSED         [ 11%]
tests/test_components/test_card.py::test_card_with_img_top PASSED        [ 11%]
tests/test_components/test_card.py::test_card_with_img_bottom PASSED     [ 11%]
tests/test_components/test_card.py::test_card_img_overlay PASSED         [ 11%]
tests/test_components/test_card.py::test_card_full_structure PASSED      [ 11%]
tests/test_components/test_card.py::test_card_custom_classes PASSED      [ 12%]
tests/test_components/test_card.py::test_card_htmx PASSED                [ 12%]
tests/test_components/test_card.py::test_card_multiple_children PASSED   [ 12%]
tests/test_components/test_card.py::test_card_data_attributes PASSED     [ 12%]
tests/test_components/test_card.py::test_card_empty_body PASSED          [ 12%]
tests/test_components/test_carousel.py::test_carousel_basic PASSED       [ 12%]
tests/test_components/test_carousel.py::test_carousel_with_id PASSED     [ 13%]
tests/test_components/test_carousel.py::test_carousel_controls PASSED    [ 13%]
tests/test_components/test_carousel.py::test_carousel_indicators PASSED  [ 13%]
tests/test_components/test_carousel.py::test_carousel_fade PASSED        [ 13%]
tests/test_components/test_carousel.py::test_carousel_dark PASSED        [ 13%]
tests/test_components/test_carousel.py::test_carousel_interval PASSED    [ 14%]
tests/test_components/test_carousel.py::test_carousel_no_autoplay PASSED [ 14%]
tests/test_components/test_carousel.py::test_carousel_item_caption PASSED [ 14%]
tests/test_components/test_carousel.py::test_carousel_item_caption_title PASSED [ 14%]
tests/test_components/test_carousel.py::test_carousel_item_active PASSED [ 14%]
tests/test_components/test_carousel.py::test_carousel_item_custom_interval PASSED [ 15%]
tests/test_components/test_checks.py::TestCheckbox::test_basic PASSED    [ 15%]
tests/test_components/test_checks.py::TestCheckbox::test_states PASSED   [ 15%]
tests/test_components/test_checks.py::TestCheckbox::test_inline_reverse PASSED [ 15%]
tests/test_components/test_checks.py::TestCheckbox::test_help_text PASSED [ 15%]
tests/test_components/test_checks.py::TestCheckbox::test_switch PASSED   [ 15%]
tests/test_components/test_checks.py::TestRadio::test_basic PASSED       [ 16%]
tests/test_components/test_checks.py::TestRadio::test_checked PASSED     [ 16%]
tests/test_components/test_checks.py::TestRange::test_basic PASSED       [ 16%]
tests/test_components/test_checks.py::TestRange::test_min_max_step PASSED [ 16%]
tests/test_components/test_core_refinement.py::test_defaults_resolution PASSED [ 16%]
tests/test_components/test_drawer.py::test_drawer_basic PASSED           [ 17%]
tests/test_components/test_drawer.py::test_drawer_with_title PASSED      [ 17%]
tests/test_components/test_drawer.py::test_drawer_placements PASSED      [ 17%]
tests/test_components/test_drawer.py::test_drawer_default_placement PASSED [ 17%]
tests/test_components/test_drawer.py::test_drawer_backdrop_default PASSED [ 17%]
tests/test_components/test_drawer.py::test_drawer_no_backdrop PASSED     [ 17%]
tests/test_components/test_drawer.py::test_drawer_scroll PASSED          [ 18%]
tests/test_components/test_drawer.py::test_drawer_aria_attributes PASSED [ 18%]
tests/test_components/test_drawer.py::test_drawer_custom_classes PASSED  [ 18%]
tests/test_components/test_drawer.py::test_drawer_data_attributes PASSED [ 18%]
tests/test_components/test_drawer.py::test_drawer_full_configuration PASSED [ 18%]
tests/test_components/test_drawer.py::test_drawer_multiple_children PASSED [ 19%]
tests/test_components/test_dropdown.py::test_dropdown_basic PASSED       [ 19%]
tests/test_components/test_dropdown.py::test_dropdown_variants PASSED    [ 19%]
tests/test_components/test_dropdown.py::test_dropdown_sizes PASSED       [ 19%]
tests/test_components/test_dropdown.py::test_dropdown_split PASSED       [ 19%]
tests/test_components/test_dropdown.py::test_dropdown_directions PASSED  [ 20%]
tests/test_components/test_dropdown.py::test_dropdown_with_divider PASSED [ 20%]
tests/test_components/test_dropdown.py::test_dropdown_with_links PASSED  [ 20%]
tests/test_components/test_dropdown.py::test_dropdown_toggle_attributes PASSED [ 20%]
tests/test_components/test_dropdown.py::test_dropdown_custom_classes PASSED [ 20%]
tests/test_components/test_dropdown.py::test_dropdown_item PASSED        [ 20%]
tests/test_components/test_dropdown.py::test_dropdown_item_active PASSED [ 21%]
tests/test_components/test_dropdown.py::test_dropdown_item_disabled PASSED [ 21%]
tests/test_components/test_dropdown.py::test_dropdown_divider PASSED     [ 21%]
tests/test_components/test_error_dialog.py::test_error_dialog_basic PASSED [ 21%]
tests/test_components/test_error_dialog.py::test_error_dialog_custom_title PASSED [ 21%]
tests/test_components/test_error_dialog.py::test_error_dialog_variants PASSED [ 22%]
tests/test_components/test_error_dialog.py::test_error_dialog_retry_button PASSED [ 22%]
tests/test_components/test_error_dialog.py::test_error_dialog_no_retry PASSED [ 22%]
tests/test_components/test_error_dialog.py::test_error_dialog_custom_id PASSED [ 22%]
tests/test_components/test_error_dialog.py::test_error_dialog_show_immediately PASSED [ 22%]
tests/test_components/test_error_dialog.py::test_error_dialog_oob_swap PASSED [ 23%]
tests/test_components/test_error_dialog.py::test_error_dialog_backend_error PASSED [ 23%]
tests/test_components/test_error_dialog.py::test_error_dialog_custom_classes PASSED [ 23%]
tests/test_components/test_error_page.py::test_error_page_404 PASSED     [ 23%]
tests/test_components/test_error_page.py::test_error_page_500 PASSED     [ 23%]
tests/test_components/test_error_page.py::test_error_page_403 PASSED     [ 23%]
tests/test_components/test_error_page.py::test_error_page_custom_message PASSED [ 24%]
tests/test_components/test_error_page.py::test_error_page_custom_title PASSED [ 24%]
tests/test_components/test_error_page.py::test_error_page_custom_action PASSED [ 24%]
tests/test_components/test_error_page.py::test_error_page_no_action PASSED [ 24%]
tests/test_components/test_error_page.py::test_error_page_hide_code PASSED [ 24%]
tests/test_components/test_error_page.py::test_error_page_custom_code PASSED [ 25%]
tests/test_components/test_error_page.py::test_error_page_custom_classes PASSED [ 25%]
tests/test_components/test_error_page.py::test_error_page_returns_tuple PASSED [ 25%]
tests/test_components/test_formgroup.py::test_formgroup_basic PASSED     [ 25%]
tests/test_components/test_formgroup.py::test_formgroup_help_text PASSED [ 25%]
tests/test_components/test_formgroup.py::test_formgroup_error_state PASSED [ 25%]
tests/test_components/test_formgroup.py::test_formgroup_success_state PASSED [ 26%]
tests/test_components/test_formgroup.py::test_formgroup_required PASSED  [ 26%]
tests/test_components/test_formgroup.py::test_formgroup_no_label PASSED  [ 26%]
tests/test_components/test_formgroup.py::test_formgroup_validation_priority PASSED [ 26%]
tests/test_components/test_formgroup.py::test_formgroup_help_text_hidden_on_error PASSED [ 26%]
tests/test_components/test_formgroup.py::test_formgroup_custom_classes PASSED [ 27%]
tests/test_components/test_formgroup.py::test_formgroup_container_structure PASSED [ 27%]
tests/test_components/test_grid.py::TestContainer::test_container_basic PASSED [ 27%]
tests/test_components/test_grid.py::TestContainer::test_container_fluid PASSED [ 27%]
tests/test_components/test_grid.py::TestContainer::test_container_fluid_string PASSED [ 27%]
tests/test_components/test_grid.py::TestContainer::test_container_responsive_fluid PASSED [ 28%]
tests/test_components/test_grid.py::TestRow::test_row_basic PASSED       [ 28%]
tests/test_components/test_grid.py::TestRow::test_row_cols PASSED        [ 28%]
tests/test_components/test_grid.py::TestRow::test_row_responsive_cols PASSED [ 28%]
tests/test_components/test_grid.py::TestCol::test_col_auto PASSED        [ 28%]
tests/test_components/test_grid.py::TestCol::test_col_fixed_span PASSED  [ 28%]
tests/test_components/test_grid.py::TestCol::test_col_responsive PASSED  [ 29%]
tests/test_components/test_grid.py::TestCol::test_col_offset PASSED      [ 29%]
tests/test_components/test_grid.py::TestCol::test_col_responsive_offset PASSED [ 29%]
tests/test_components/test_grid.py::TestGridIntegration::test_container_row_col PASSED [ 29%]
tests/test_components/test_grid.py::TestGridIntegration::test_responsive_grid PASSED [ 29%]
tests/test_components/test_image.py::test_image_basic PASSED             [ 30%]
tests/test_components/test_image.py::test_image_fluid PASSED             [ 30%]
tests/test_components/test_image.py::test_image_thumbnail PASSED         [ 30%]
tests/test_components/test_image.py::test_image_rounded PASSED           [ 30%]
tests/test_components/test_image.py::test_image_rounded_circle PASSED    [ 30%]
tests/test_components/test_image.py::test_image_align_start PASSED       [ 30%]
tests/test_components/test_image.py::test_image_align_end PASSED         [ 31%]
tests/test_components/test_image.py::test_image_align_center PASSED      [ 31%]
tests/test_components/test_image.py::test_image_dimensions PASSED        [ 31%]
tests/test_components/test_image.py::test_image_lazy_loading PASSED      [ 31%]
tests/test_components/test_image.py::test_image_combined PASSED          [ 31%]
tests/test_components/test_image.py::test_image_custom_class PASSED      [ 32%]
tests/test_components/test_input.py::test_input_basic PASSED             [ 32%]
tests/test_components/test_input.py::test_input_types PASSED             [ 32%]
tests/test_components/test_input.py::test_input_with_label PASSED        [ 32%]
tests/test_components/test_input.py::test_input_with_help_text PASSED    [ 32%]
tests/test_components/test_input.py::test_input_sizes PASSED             [ 33%]
tests/test_components/test_input.py::test_input_placeholder PASSED       [ 33%]
tests/test_components/test_input.py::test_input_value PASSED             [ 33%]
tests/test_components/test_input.py::test_input_disabled PASSED          [ 33%]
tests/test_components/test_input.py::test_input_readonly PASSED          [ 33%]
tests/test_components/test_input.py::test_input_required PASSED          [ 33%]
tests/test_components/test_input.py::test_input_id_label_linkage PASSED  [ 34%]
tests/test_components/test_input.py::test_input_custom_id PASSED         [ 34%]
tests/test_components/test_input.py::test_input_aria_describedby PASSED  [ 34%]
tests/test_components/test_input.py::test_input_htmx PASSED              [ 34%]
tests/test_components/test_input.py::test_input_custom_classes PASSED    [ 34%]
tests/test_components/test_input.py::test_input_data_attributes PASSED   [ 35%]
tests/test_components/test_input.py::test_input_without_wrapper PASSED   [ 35%]
tests/test_components/test_input.py::test_input_validation PASSED        [ 35%]
tests/test_components/test_inputgroup.py::TestInputGroup::test_basic PASSED [ 35%]
tests/test_components/test_inputgroup.py::TestInputGroup::test_size_nowrap PASSED [ 35%]
tests/test_components/test_inputgroup.py::TestFloatingLabel::test_basic PASSED [ 35%]
tests/test_components/test_inputgroup.py::TestFloatingLabel::test_types_and_defaults PASSED [ 36%]
tests/test_components/test_inputgroup.py::TestFloatingLabel::test_readonly_disabled PASSED [ 36%]
tests/test_components/test_listgroup.py::TestListGroup::test_basic_render PASSED [ 36%]
tests/test_components/test_listgroup.py::TestListGroup::test_flush PASSED [ 36%]
tests/test_components/test_listgroup.py::TestListGroup::test_numbered PASSED [ 36%]
tests/test_components/test_listgroup.py::TestListGroup::test_horizontal PASSED [ 37%]
tests/test_components/test_listgroup.py::TestListGroupItem::test_variants PASSED [ 37%]
tests/test_components/test_listgroup.py::TestListGroupItem::test_active_disabled PASSED [ 37%]
tests/test_components/test_listgroup.py::TestListGroupItem::test_action_link PASSED [ 37%]
tests/test_components/test_listgroup.py::TestListGroupItem::test_badge PASSED [ 37%]
tests/test_components/test_listgroup.py::TestCollapse::test_basic_render PASSED [ 38%]
tests/test_components/test_listgroup.py::TestCollapse::test_show_horizontal PASSED [ 38%]
tests/test_components/test_modal.py::test_modal_basic PASSED             [ 38%]
tests/test_components/test_modal.py::test_modal_with_title PASSED        [ 38%]
tests/test_components/test_modal.py::test_modal_with_footer PASSED       [ 38%]
tests/test_components/test_modal.py::test_modal_sizes PASSED             [ 38%]
tests/test_components/test_modal.py::test_modal_centered PASSED          [ 39%]
tests/test_components/test_modal.py::test_modal_scrollable PASSED        [ 39%]
tests/test_components/test_modal.py::test_modal_fullscreen PASSED        [ 39%]
tests/test_components/test_modal.py::test_modal_fullscreen_responsive PASSED [ 39%]
tests/test_components/test_modal.py::test_modal_static_backdrop PASSED   [ 39%]
tests/test_components/test_modal.py::test_modal_aria_attributes PASSED   [ 40%]
tests/test_components/test_modal.py::test_modal_full_structure PASSED    [ 40%]
tests/test_components/test_modal.py::test_modal_custom_classes PASSED    [ 40%]
tests/test_components/test_modal.py::test_modal_data_attributes PASSED   [ 40%]
tests/test_components/test_modal.py::test_modal_multiple_children PASSED [ 40%]
tests/test_components/test_navbar.py::test_navbar_basic PASSED           [ 41%]
tests/test_components/test_navbar.py::test_navbar_with_brand PASSED      [ 41%]
tests/test_components/test_navbar.py::test_navbar_brand_href PASSED      [ 41%]
tests/test_components/test_navbar.py::test_navbar_variants PASSED        [ 41%]
tests/test_components/test_navbar.py::test_navbar_background PASSED      [ 41%]
tests/test_components/test_navbar.py::test_navbar_expand_breakpoints PASSED [ 41%]
tests/test_components/test_navbar.py::test_navbar_sticky PASSED          [ 42%]
tests/test_components/test_navbar.py::test_navbar_fixed PASSED           [ 42%]
tests/test_components/test_navbar.py::test_navbar_container PASSED       [ 42%]
tests/test_components/test_navbar.py::test_navbar_no_container PASSED    [ 42%]
tests/test_components/test_navbar.py::test_navbar_container_responsive PASSED [ 42%]
tests/test_components/test_navbar.py::test_navbar_toggler PASSED         [ 43%]
tests/test_components/test_navbar.py::test_navbar_collapse PASSED        [ 43%]
tests/test_components/test_navbar.py::test_navbar_custom_classes PASSED  [ 43%]
tests/test_components/test_navbar.py::test_navbar_full_configuration PASSED [ 43%]
tests/test_components/test_pagination.py::test_pagination_basic PASSED   [ 43%]
tests/test_components/test_pagination.py::test_pagination_active_page PASSED [ 43%]
tests/test_components/test_pagination.py::test_pagination_sizes PASSED   [ 44%]
tests/test_components/test_pagination.py::test_pagination_alignment PASSED [ 44%]
tests/test_components/test_pagination.py::test_pagination_max_pages PASSED [ 44%]
tests/test_components/test_pagination.py::test_pagination_prev_next PASSED [ 44%]
tests/test_components/test_pagination.py::test_pagination_first_last PASSED [ 44%]
tests/test_components/test_pagination.py::test_pagination_disabled_prev PASSED [ 45%]
tests/test_components/test_pagination.py::test_pagination_disabled_next PASSED [ 45%]
tests/test_components/test_pagination.py::test_pagination_base_url PASSED [ 45%]
tests/test_components/test_pagination.py::test_pagination_page_links PASSED [ 45%]
tests/test_components/test_pagination.py::test_pagination_custom_classes PASSED [ 45%]
tests/test_components/test_pagination.py::test_pagination_htmx PASSED    [ 46%]
tests/test_components/test_pagination.py::test_pagination_aria_label PASSED [ 46%]
tests/test_components/test_patterns.py::test_footer_modern_basic PASSED  [ 46%]
tests/test_components/test_patterns.py::test_footer_modern_with_tagline PASSED [ 46%]
tests/test_components/test_patterns.py::test_footer_modern_with_columns PASSED [ 46%]
tests/test_components/test_patterns.py::test_footer_modern_with_social PASSED [ 46%]
tests/test_components/test_patterns.py::test_footer_modern_copyright PASSED [ 47%]
tests/test_components/test_patterns.py::test_footer_modern_variants PASSED [ 47%]
tests/test_components/test_patterns.py::test_testimonial_basic PASSED    [ 47%]
tests/test_components/test_patterns.py::test_testimonial_with_role PASSED [ 47%]
tests/test_components/test_patterns.py::test_testimonial_with_avatar PASSED [ 47%]
tests/test_components/test_patterns.py::test_testimonial_with_rating PASSED [ 48%]
tests/test_components/test_patterns.py::test_testimonial_section_basic PASSED [ 48%]
tests/test_components/test_patterns.py::test_testimonial_section_title PASSED [ 48%]
tests/test_components/test_patterns.py::test_testimonial_section_subtitle PASSED [ 48%]
tests/test_components/test_patterns.py::test_testimonial_section_columns PASSED [ 48%]
tests/test_components/test_phase4b.py::test_file_input PASSED            [ 48%]
tests/test_components/test_phase4b.py::test_overlays PASSED              [ 49%]
tests/test_components/test_phase4b.py::test_figure PASSED                [ 49%]
tests/test_components/test_phase4b.py::test_empty_state PASSED           [ 49%]
tests/test_components/test_phase4b.py::test_stat_card PASSED             [ 49%]
tests/test_components/test_phase4b.py::test_confirm_dialog PASSED        [ 49%]
tests/test_components/test_phase4b.py::test_hero PASSED                  [ 50%]
tests/test_components/test_placeholder.py::test_placeholder_basic PASSED [ 50%]
tests/test_components/test_placeholder.py::test_placeholder_animation_glow PASSED [ 50%]
tests/test_components/test_placeholder.py::test_placeholder_animation_wave PASSED [ 50%]
tests/test_components/test_placeholder.py::test_placeholder_variant PASSED [ 50%]
tests/test_components/test_placeholder.py::test_placeholder_size PASSED  [ 51%]
tests/test_components/test_placeholder.py::test_placeholder_dimensions PASSED [ 51%]
tests/test_components/test_placeholder.py::test_placeholder_card_full PASSED [ 51%]
tests/test_components/test_placeholder.py::test_placeholder_card_no_image PASSED [ 51%]
tests/test_components/test_placeholder.py::test_placeholder_card_animation PASSED [ 51%]
tests/test_components/test_placeholder.py::test_placeholder_button PASSED [ 51%]
tests/test_components/test_placeholder.py::test_placeholder_button_animation PASSED [ 52%]
tests/test_components/test_premium_navbars.py::test_sidebar_navbar_basic PASSED [ 52%]
tests/test_components/test_premium_navbars.py::test_sidebar_navbar_with_icons PASSED [ 52%]
tests/test_components/test_premium_navbars.py::test_sidebar_navbar_theme_dark PASSED [ 52%]
tests/test_components/test_premium_navbars.py::test_sidebar_navbar_theme_light PASSED [ 52%]
tests/test_components/test_premium_navbars.py::test_sidebar_navbar_position PASSED [ 53%]
tests/test_components/test_premium_navbars.py::test_sidebar_navbar_width PASSED [ 53%]
tests/test_components/test_premium_navbars.py::test_sidebar_navbar_sticky PASSED [ 53%]
tests/test_components/test_premium_navbars.py::test_sidebar_nav_item PASSED [ 53%]
tests/test_components/test_premium_navbars.py::test_glass_navbar_basic PASSED [ 53%]
tests/test_components/test_premium_navbars.py::test_glass_navbar_blur_strength PASSED [ 53%]
tests/test_components/test_premium_navbars.py::test_glass_navbar_transparency PASSED [ 54%]
tests/test_components/test_premium_navbars.py::test_glass_navbar_theme_dark PASSED [ 54%]
tests/test_components/test_premium_navbars.py::test_glass_navbar_theme_light PASSED [ 54%]
tests/test_components/test_premium_navbars.py::test_glass_navbar_sticky PASSED [ 54%]
tests/test_components/test_premium_navbars.py::test_glass_navbar_expand PASSED [ 54%]
tests/test_components/test_premium_navbars.py::test_glass_nav_item PASSED [ 55%]
tests/test_components/test_premium_navbars.py::test_glass_navbar_with_items PASSED [ 55%]
tests/test_components/test_progress.py::test_progress_basic PASSED       [ 55%]
tests/test_components/test_progress.py::test_progress_percentage_calculation PASSED [ 55%]
tests/test_components/test_progress.py::test_progress_custom_max PASSED  [ 55%]
tests/test_components/test_progress.py::test_progress_variants PASSED    [ 56%]
tests/test_components/test_progress.py::test_progress_with_label PASSED  [ 56%]
tests/test_components/test_progress.py::test_progress_striped PASSED     [ 56%]
tests/test_components/test_progress.py::test_progress_animated PASSED    [ 56%]
tests/test_components/test_scrollspy.py::test_scrollspy_basic PASSED     [ 56%]
tests/test_components/test_scrollspy.py::test_scrollspy_offset PASSED    [ 56%]
tests/test_components/test_scrollspy.py::test_scrollspy_method PASSED    [ 57%]
tests/test_components/test_scrollspy.py::test_scrollspy_smooth_scroll PASSED [ 57%]
tests/test_components/test_scrollspy.py::test_scrollspy_multiple_sections PASSED [ 57%]
tests/test_components/test_searchable_select.py::test_searchable_select_basic PASSED [ 57%]
tests/test_components/test_searchable_select.py::test_searchable_select_placeholder PASSED [ 57%]
tests/test_components/test_searchable_select.py::test_searchable_select_initial_options PASSED [ 58%]
tests/test_components/test_searchable_select.py::test_searchable_select_debounce PASSED [ 58%]
tests/test_components/test_searchable_select.py::test_searchable_select_htmx_attributes PASSED [ 58%]
tests/test_components/test_searchable_select.py::test_searchable_select_custom_id PASSED [ 58%]
tests/test_components/test_searchable_select.py::test_searchable_select_results_container PASSED [ 58%]
tests/test_components/test_searchable_select.py::test_searchable_select_hidden_select PASSED [ 58%]
tests/test_components/test_searchable_select.py::test_searchable_select_custom_classes PASSED [ 59%]
tests/test_components/test_select.py::test_select_basic PASSED           [ 59%]
tests/test_components/test_select.py::test_select_with_label PASSED      [ 59%]
tests/test_components/test_select.py::test_select_selected_option PASSED [ 59%]
tests/test_components/test_select.py::test_select_sizes PASSED           [ 59%]
tests/test_components/test_select.py::test_select_disabled PASSED        [ 60%]
tests/test_components/test_select.py::test_select_required PASSED        [ 60%]
tests/test_components/test_select.py::test_select_multiple PASSED        [ 60%]
tests/test_components/test_select.py::test_select_with_help_text PASSED  [ 60%]
tests/test_components/test_select.py::test_select_id_label_linkage PASSED [ 60%]
tests/test_components/test_select.py::test_select_custom_id PASSED       [ 61%]
tests/test_components/test_select.py::test_select_htmx PASSED            [ 61%]
tests/test_components/test_select.py::test_select_custom_classes PASSED  [ 61%]
tests/test_components/test_select.py::test_select_data_attributes PASSED [ 61%]
tests/test_components/test_select.py::test_select_without_wrapper PASSED [ 61%]
tests/test_components/test_select.py::test_select_option_values PASSED   [ 61%]
tests/test_components/test_spinner.py::test_spinner_basic PASSED         [ 62%]
tests/test_components/test_spinner.py::test_spinner_types PASSED         [ 62%]
tests/test_components/test_spinner.py::test_spinner_variants PASSED      [ 62%]
tests/test_components/test_spinner.py::test_spinner_small_size PASSED    [ 62%]
tests/test_components/test_spinner.py::test_spinner_custom_label PASSED  [ 62%]
tests/test_components/test_spinner.py::test_spinner_screen_reader_text PASSED [ 63%]
tests/test_components/test_spinner.py::test_spinner_custom_classes PASSED [ 63%]
tests/test_components/test_spinner.py::test_spinner_data_attributes PASSED [ 63%]
tests/test_components/test_spinner.py::test_spinner_in_button PASSED     [ 63%]
tests/test_components/test_spinner.py::test_spinner_grow_small PASSED    [ 63%]
tests/test_components/test_table.py::TestTableBasic::test_table_renders_correctly PASSED [ 64%]
tests/test_components/test_table.py::TestTableBasic::test_table_default_class PASSED [ 64%]
tests/test_components/test_table.py::TestTableVariants::test_striped PASSED [ 64%]
tests/test_components/test_table.py::TestTableVariants::test_striped_columns PASSED [ 64%]
tests/test_components/test_table.py::TestTableVariants::test_bordered PASSED [ 64%]
tests/test_components/test_table.py::TestTableVariants::test_borderless PASSED [ 64%]
tests/test_components/test_table.py::TestTableVariants::test_hover PASSED [ 65%]
tests/test_components/test_table.py::TestTableVariants::test_small PASSED [ 65%]
tests/test_components/test_table.py::TestTableVariants::test_color_variant PASSED [ 65%]
tests/test_components/test_table.py::TestTableVariants::test_multiple_variants PASSED [ 65%]
tests/test_components/test_table.py::TestTableResponsive::test_responsive_true PASSED [ 65%]
tests/test_components/test_table.py::TestTableResponsive::test_responsive_breakpoint PASSED [ 66%]
tests/test_components/test_table.py::TestTableResponsive::test_non_responsive_no_wrapper PASSED [ 66%]
tests/test_components/test_table.py::TestTHead::test_thead_renders PASSED [ 66%]
tests/test_components/test_table.py::TestTHead::test_thead_variant PASSED [ 66%]
tests/test_components/test_table.py::TestTBody::test_tbody_renders PASSED [ 66%]
tests/test_components/test_table.py::TestTBody::test_tbody_divider PASSED [ 66%]
tests/test_components/test_table.py::TestTBody::test_tbody_variant PASSED [ 67%]
tests/test_components/test_table.py::TestTRow::test_trow_renders PASSED  [ 67%]
tests/test_components/test_table.py::TestTRow::test_trow_variant PASSED  [ 67%]
tests/test_components/test_table.py::TestTRow::test_trow_active PASSED   [ 67%]
tests/test_components/test_table.py::TestTCell::test_tcell_td_default PASSED [ 67%]
tests/test_components/test_table.py::TestTCell::test_tcell_th_header PASSED [ 68%]
tests/test_components/test_table.py::TestTCell::test_tcell_variant PASSED [ 68%]
tests/test_components/test_table.py::TestTCell::test_tcell_active PASSED [ 68%]
tests/test_components/test_table.py::TestTCell::test_tcell_colspan PASSED [ 68%]
tests/test_components/test_table.py::TestTCell::test_tcell_rowspan PASSED [ 68%]
tests/test_components/test_table.py::TestTCell::test_tcell_scope PASSED  [ 69%]
tests/test_components/test_table.py::TestTableHTMX::test_table_htmx_attrs PASSED [ 69%]
tests/test_components/test_table.py::TestTableHTMX::test_trow_htmx_attrs PASSED [ 69%]
tests/test_components/test_table.py::TestTableCustomization::test_table_custom_classes PASSED [ 69%]
tests/test_components/test_table.py::TestTableCustomization::test_table_custom_id PASSED [ 69%]
tests/test_components/test_table.py::TestTableCustomization::test_table_data_attributes PASSED [ 69%]
tests/test_components/test_tabs.py::test_tabs_basic PASSED               [ 70%]
tests/test_components/test_tabs.py::test_tabs_first_active PASSED        [ 70%]
tests/test_components/test_tabs.py::test_tabs_explicit_active PASSED     [ 70%]
tests/test_components/test_tabs.py::test_tabs_pills PASSED               [ 70%]
tests/test_components/test_tabs.py::test_tabs_justified PASSED           [ 70%]
tests/test_components/test_tabs.py::test_tabs_fill PASSED                [ 71%]
tests/test_components/test_tabs.py::test_tabs_vertical PASSED            [ 71%]
tests/test_components/test_tabs.py::test_tabs_htmx_mode PASSED           [ 71%]
tests/test_components/test_tabs.py::test_tabs_aria_attributes PASSED     [ 71%]
tests/test_components/test_tabs.py::test_tabs_custom_classes PASSED      [ 71%]
tests/test_components/test_tabs.py::test_tabpane_basic PASSED            [ 71%]
tests/test_components/test_tabs.py::test_tabpane_active PASSED           [ 72%]
tests/test_components/test_tabs.py::test_tabpane_aria PASSED             [ 72%]
tests/test_components/test_theme_toggle.py::test_theme_toggle_basic PASSED [ 72%]
tests/test_components/test_theme_toggle.py::test_theme_toggle_light_theme PASSED [ 72%]
tests/test_components/test_theme_toggle.py::test_theme_toggle_dark_theme PASSED [ 72%]
tests/test_components/test_theme_toggle.py::test_theme_toggle_custom_endpoint PASSED [ 73%]
tests/test_components/test_theme_toggle.py::test_theme_toggle_custom_id PASSED [ 73%]
tests/test_components/test_theme_toggle.py::test_theme_toggle_with_label PASSED [ 73%]
tests/test_components/test_theme_toggle.py::test_theme_toggle_without_label PASSED [ 73%]
tests/test_components/test_theme_toggle.py::test_theme_toggle_htmx_attributes PASSED [ 73%]
tests/test_components/test_theme_toggle.py::test_theme_toggle_auto_theme PASSED [ 74%]
tests/test_components/test_theme_toggle.py::test_theme_toggle_custom_classes PASSED [ 74%]
tests/test_components/test_toast.py::test_toast_basic PASSED             [ 74%]
tests/test_components/test_toast.py::test_toast_with_title PASSED        [ 74%]
tests/test_components/test_toast.py::test_toast_variants PASSED          [ 74%]
tests/test_components/test_toast.py::test_toast_autohide_default PASSED  [ 74%]
tests/test_components/test_toast.py::test_toast_no_autohide PASSED       [ 75%]
tests/test_components/test_toast.py::test_toast_custom_delay PASSED      [ 75%]
tests/test_components/test_toast.py::test_toast_animation PASSED         [ 75%]
tests/test_components/test_toast.py::test_toast_aria_attributes PASSED   [ 75%]
tests/test_components/test_toast.py::test_toast_custom_classes PASSED    [ 75%]
tests/test_components/test_toast.py::test_toast_container_basic PASSED   [ 76%]
tests/test_components/test_toast.py::test_toast_container_positions PASSED [ 76%]
tests/test_components/test_toast.py::test_toast_data_attributes PASSED   [ 76%]
tests/test_core/test_effects.py::test_fx_base_constant PASSED            [ 76%]
tests/test_core/test_effects.py::test_fx_entrance_animations PASSED      [ 76%]
tests/test_core/test_effects.py::test_fx_hover_interactions PASSED       [ 76%]
tests/test_core/test_effects.py::test_fx_loading_states PASSED           [ 77%]
tests/test_core/test_effects.py::test_fx_speed_modifiers PASSED          [ 77%]
tests/test_core/test_effects.py::test_fx_delay_modifiers PASSED          [ 77%]
tests/test_core/test_effects.py::test_fx_usage_with_components PASSED    [ 77%]
tests/test_core/test_effects.py::test_fx_multiple_effects_combination PASSED [ 77%]
tests/test_core/test_theme.py::test_theme_initialization PASSED          [ 78%]
tests/test_core/test_theme.py::test_builtin_themes PASSED                [ 78%]
tests/test_core/test_theme.py::test_theme_css_generation PASSED          [ 78%]
tests/test_core/test_theme.py::test_resolve_defaults_mechanics PASSED    [ 78%]
tests/test_core/test_theme.py::test_add_bootstrap_integration PASSED     [ 78%]
tests/test_core/test_theme.py::test_slot_classes_resolution PASSED       [ 79%]
tests/test_core/test_theme.py::test_google_fonts_integration PASSED      [ 79%]
tests/test_core/test_theme.py::test_google_fonts_with_theme PASSED       [ 79%]
tests/test_core/test_theme.py::test_google_fonts_default_weights PASSED  [ 79%]
tests/test_core/test_theme.py::test_google_fonts_custom_weights PASSED   [ 79%]
tests/test_core/test_theme.py::test_google_fonts_with_spaces PASSED      [ 79%]
tests/test_core/test_theme.py::test_no_font_when_not_specified PASSED    [ 80%]
tests/test_mount_assets.py::test_mount_assets_basic PASSED               [ 80%]
tests/test_mount_assets.py::test_mount_assets_custom_url_path PASSED     [ 80%]
tests/test_mount_assets.py::test_mount_assets_custom_name PASSED         [ 80%]
tests/test_mount_assets.py::test_mount_assets_priority PASSED            [ 80%]
tests/test_mount_assets.py::test_mount_assets_no_priority PASSED         [ 81%]
tests/test_mount_assets.py::test_mount_assets_invalid_url_path PASSED    [ 81%]
tests/test_mount_assets.py::test_mount_assets_nonexistent_directory PASSED [ 81%]
tests/test_mount_assets.py::test_mount_assets_file_not_directory PASSED  [ 81%]
tests/test_mount_assets.py::test_mount_assets_auto_name_generation PASSED [ 81%]
tests/test_mount_assets.py::test_mount_assets_multiple_directories PASSED [ 82%]
tests/test_presets.py::test_active_search PASSED                         [ 82%]
tests/test_presets.py::test_infinite_scroll PASSED                       [ 82%]
tests/test_presets.py::test_auto_refresh PASSED                          [ 82%]
tests/test_presets.py::test_lazy_load PASSED                             [ 82%]
tests/test_presets.py::test_loading_button PASSED                        [ 82%]
tests/test_presets.py::test_hx_redirect PASSED                           [ 83%]
tests/test_presets.py::test_hx_refresh PASSED                            [ 83%]
tests/test_presets.py::test_hx_trigger PASSED                            [ 83%]
tests/test_presets.py::test_hx_trigger_with_detail PASSED                [ 83%]
tests/test_presets.py::test_require_auth_decorator PASSED                [ 83%]
tests/test_presets.py::test_require_auth_custom_session_key PASSED       [ 84%]
tests/test_pwa.py::test_pwa_meta_generation PASSED                       [ 84%]
tests/test_pwa.py::test_add_pwa_injection PASSED                         [ 84%]
tests/test_pwa.py::test_add_pwa_no_sw PASSED                             [ 84%]
tests/test_recent_components.py::TestImage::test_basic_image PASSED      [ 84%]
tests/test_recent_components.py::TestImage::test_fluid_image PASSED      [ 84%]
tests/test_recent_components.py::TestImage::test_thumbnail_image PASSED  [ 85%]
tests/test_recent_components.py::TestImage::test_rounded_image PASSED    [ 85%]
tests/test_recent_components.py::TestImage::test_rounded_circle PASSED   [ 85%]
tests/test_recent_components.py::TestImage::test_alignment_center PASSED [ 85%]
tests/test_recent_components.py::TestImage::test_alignment_start PASSED  [ 85%]
tests/test_recent_components.py::TestImage::test_alignment_end PASSED    [ 86%]
tests/test_recent_components.py::TestImage::test_lazy_loading PASSED     [ 86%]
tests/test_recent_components.py::TestImage::test_dimensions PASSED       [ 86%]
tests/test_recent_components.py::TestImage::test_dimensions_string PASSED [ 86%]
tests/test_recent_components.py::TestImage::test_respects_defaults PASSED [ 86%]
tests/test_recent_components.py::TestImage::test_explicit_overrides_defaults PASSED [ 87%]
tests/test_recent_components.py::TestCarousel::test_basic_carousel PASSED [ 87%]
tests/test_recent_components.py::TestCarousel::test_carousel_with_controls PASSED [ 87%]
tests/test_recent_components.py::TestCarousel::test_carousel_with_indicators PASSED [ 87%]
tests/test_recent_components.py::TestCarousel::test_carousel_fade PASSED [ 87%]
tests/test_recent_components.py::TestCarousel::test_carousel_dark PASSED [ 87%]
tests/test_recent_components.py::TestCarousel::test_carousel_interval PASSED [ 88%]
tests/test_recent_components.py::TestCarousel::test_carousel_no_interval PASSED [ 88%]
tests/test_recent_components.py::TestCarousel::test_carousel_keyboard PASSED [ 88%]
tests/test_recent_components.py::TestCarousel::test_carousel_pause PASSED [ 88%]
tests/test_recent_components.py::TestCarousel::test_carousel_wrap PASSED [ 88%]
tests/test_recent_components.py::TestCarousel::test_carousel_item_caption PASSED [ 89%]
tests/test_recent_components.py::TestCarousel::test_carousel_item_interval PASSED [ 89%]
tests/test_recent_components.py::TestCarousel::test_carousel_respects_defaults PASSED [ 89%]
tests/test_recent_components.py::TestPlaceholder::test_basic_placeholder PASSED [ 89%]
tests/test_recent_components.py::TestPlaceholder::test_placeholder_with_height PASSED [ 89%]
tests/test_recent_components.py::TestPlaceholder::test_placeholder_with_animation_glow PASSED [ 89%]
tests/test_recent_components.py::TestPlaceholder::test_placeholder_with_animation_wave PASSED [ 90%]
tests/test_recent_components.py::TestPlaceholder::test_placeholder_with_variant PASSED [ 90%]
tests/test_recent_components.py::TestPlaceholder::test_placeholder_with_size PASSED [ 90%]
tests/test_recent_components.py::TestPlaceholder::test_placeholder_size_sm PASSED [ 90%]
tests/test_recent_components.py::TestPlaceholder::test_placeholder_size_xs PASSED [ 90%]
tests/test_recent_components.py::TestPlaceholder::test_placeholder_card PASSED [ 91%]
tests/test_recent_components.py::TestPlaceholder::test_placeholder_card_no_image PASSED [ 91%]
tests/test_recent_components.py::TestPlaceholder::test_placeholder_card_no_title PASSED [ 91%]
tests/test_recent_components.py::TestPlaceholder::test_placeholder_button PASSED [ 91%]
tests/test_recent_components.py::TestPlaceholder::test_placeholder_button_with_animation PASSED [ 91%]
tests/test_recent_components.py::TestPlaceholder::test_placeholder_respects_defaults PASSED [ 92%]
tests/test_recent_components.py::TestScrollspy::test_basic_scrollspy PASSED [ 92%]
tests/test_recent_components.py::TestScrollspy::test_scrollspy_with_offset PASSED [ 92%]
tests/test_recent_components.py::TestScrollspy::test_scrollspy_with_method PASSED [ 92%]
tests/test_recent_components.py::TestScrollspy::test_scrollspy_smooth_scroll PASSED [ 92%]
tests/test_recent_components.py::TestScrollspy::test_scrollspy_multiple_options PASSED [ 92%]
tests/test_seo_meta.py::TestSEOBasicTags::test_title_tag PASSED          [ 93%]
tests/test_seo_meta.py::TestSEOBasicTags::test_description_tag PASSED    [ 93%]
tests/test_seo_meta.py::TestSEOBasicTags::test_keywords_tag PASSED       [ 93%]
tests/test_seo_meta.py::TestSEOBasicTags::test_robots_tag PASSED         [ 93%]
tests/test_seo_meta.py::TestSEOBasicTags::test_canonical_url PASSED      [ 93%]
tests/test_seo_meta.py::TestSEOBasicTags::test_canonical_defaults_to_url PASSED [ 94%]
tests/test_seo_meta.py::TestOpenGraphTags::test_og_basic_tags PASSED     [ 94%]
tests/test_seo_meta.py::TestOpenGraphTags::test_og_type_website PASSED   [ 94%]
tests/test_seo_meta.py::TestOpenGraphTags::test_og_type_article PASSED   [ 94%]
tests/test_seo_meta.py::TestOpenGraphTags::test_og_locale PASSED         [ 94%]
tests/test_seo_meta.py::TestArticleTags::test_article_flag_sets_type PASSED [ 94%]
tests/test_seo_meta.py::TestArticleTags::test_article_published_time PASSED [ 95%]
tests/test_seo_meta.py::TestArticleTags::test_article_modified_time PASSED [ 95%]
tests/test_seo_meta.py::TestArticleTags::test_article_author PASSED      [ 95%]
tests/test_seo_meta.py::TestArticleTags::test_article_section PASSED     [ 95%]
tests/test_seo_meta.py::TestArticleTags::test_article_tags PASSED        [ 95%]
tests/test_seo_meta.py::TestTwitterCardTags::test_twitter_basic_tags PASSED [ 96%]
tests/test_seo_meta.py::TestTwitterCardTags::test_twitter_card_type PASSED [ 96%]
tests/test_seo_meta.py::TestTwitterCardTags::test_twitter_site_handle PASSED [ 96%]
tests/test_seo_meta.py::TestTwitterCardTags::test_twitter_creator_handle PASSED [ 96%]
tests/test_seo_meta.py::TestSEOIntegration::test_complete_blog_post_seo PASSED [ 96%]
tests/test_seo_meta.py::TestSEOIntegration::test_custom_meta_tags PASSED [ 97%]
tests/test_seo_meta.py::TestSEOIntegration::test_minimal_seo PASSED      [ 97%]
tests/test_seo_structured_data.py::TestArticleStructuredData::test_basic_article PASSED [ 97%]
tests/test_seo_structured_data.py::TestArticleStructuredData::test_article_with_modified_date PASSED [ 97%]
tests/test_seo_structured_data.py::TestArticleStructuredData::test_article_with_extra_properties PASSED [ 97%]
tests/test_seo_structured_data.py::TestProductStructuredData::test_basic_product PASSED [ 97%]
tests/test_seo_structured_data.py::TestProductStructuredData::test_product_with_rating PASSED [ 98%]
tests/test_seo_structured_data.py::TestProductStructuredData::test_product_out_of_stock PASSED [ 98%]
tests/test_seo_structured_data.py::TestProductStructuredData::test_product_with_extra_properties PASSED [ 98%]
tests/test_seo_structured_data.py::TestBreadcrumbStructuredData::test_basic_breadcrumb PASSED [ 98%]
tests/test_seo_structured_data.py::TestBreadcrumbStructuredData::test_single_breadcrumb PASSED [ 98%]
tests/test_seo_structured_data.py::TestOrganizationStructuredData::test_basic_organization PASSED [ 99%]
tests/test_seo_structured_data.py::TestOrganizationStructuredData::test_organization_with_social_links PASSED [ 99%]
tests/test_seo_structured_data.py::TestOrganizationStructuredData::test_organization_with_extra_properties PASSED [ 99%]
tests/test_seo_structured_data.py::TestLocalBusinessStructuredData::test_basic_local_business PASSED [ 99%]
tests/test_seo_structured_data.py::TestLocalBusinessStructuredData::test_local_business_with_hours PASSED [ 99%]
tests/test_seo_structured_data.py::TestLocalBusinessStructuredData::test_local_business_with_extra_properties PASSED [100%]

=============================== tests coverage ================================
_______________ coverage: platform win32, python 3.13.7-final-0 _______________

Name                                                    Stmts   Miss  Cover   Missing
-------------------------------------------------------------------------------------
src\faststrap\__init__.py                                  21      0   100%
src\faststrap\components\__init__.py                        7      0   100%
src\faststrap\components\display\__init__.py               10      0   100%
src\faststrap\components\display\badge.py                  22      0   100%
src\faststrap\components\display\card.py                   52      0   100%
src\faststrap\components\display\carousel.py               72      0   100%
src\faststrap\components\display\empty_state.py            23      0   100%
src\faststrap\components\display\figure.py                 42     11    74%   64, 72-76, 92-99
src\faststrap\components\display\image.py                  45      0   100%
src\faststrap\components\display\sheet.py                  18     10    44%   36-56
src\faststrap\components\display\stat_card.py              29      9    69%   49-50, 60, 67-73, 77
src\faststrap\components\display\table.py                 100      1    99%   105
src\faststrap\components\feedback\__init__.py              12      0   100%
src\faststrap\components\feedback\alert.py                 29      1    97%   70
src\faststrap\components\feedback\confirm.py               24      6    75%   63, 65, 67, 69, 74, 77
src\faststrap\components\feedback\error_dialog.py          27      1    96%   164
src\faststrap\components\feedback\error_page.py            28      0   100%
src\faststrap\components\feedback\install_prompt.py        15      6    60%   83-121
src\faststrap\components\feedback\modal.py                 62      2    97%   89-91
src\faststrap\components\feedback\overlays.py              19      2    89%   53, 107
src\faststrap\components\feedback\placeholder.py           74      6    92%   90-94, 99
src\faststrap\components\feedback\progress.py              46     18    61%   73, 92-129
src\faststrap\components\feedback\spinner.py               24      0   100%
src\faststrap\components\feedback\toast.py                 69     24    65%   25-89
src\faststrap\components\forms\__init__.py                 11      0   100%
src\faststrap\components\forms\button.py                   82     21    74%   38, 126, 129, 132, 143, 145, 149, 160-162, 172-175, 182, 192, 199, 204, 209-213
src\faststrap\components\forms\buttongroup.py              21      0   100%
src\faststrap\components\forms\checks.py                   98     10    90%   84, 172, 174, 194, 196, 259, 278, 280, 282, 363
src\faststrap\components\forms\file.py                     45      8    82%   77, 89, 91, 93, 95, 103-104, 148
src\faststrap\components\forms\formgroup.py                41      0   100%
src\faststrap\components\forms\input.py                    53      0   100%
src\faststrap\components\forms\inputgroup.py               44      1    98%   198
src\faststrap\components\forms\searchable_select.py        29      1    97%   112
src\faststrap\components\forms\select.py                   53      1    98%   92
src\faststrap\components\forms\theme_toggle.py             22      0   100%
src\faststrap\components\layout\__init__.py                 3      0   100%
src\faststrap\components\layout\grid.py                    73      9    88%   112, 118, 120, 198, 204, 206, 212, 218, 220
src\faststrap\components\layout\hero.py                    38      8    79%   64-70, 73, 105
src\faststrap\components\navigation\__init__.py            13      0   100%
src\faststrap\components\navigation\accordion.py           54      1    98%   83
src\faststrap\components\navigation\bottom_nav.py          46     34    26%   33-76, 98-124
src\faststrap\components\navigation\breadcrumb.py          24      1    96%   33
src\faststrap\components\navigation\drawer.py              45      4    91%   74-76, 82, 127
src\faststrap\components\navigation\dropdown.py            74      7    91%   132-133, 151-155
src\faststrap\components\navigation\glass_navbar.py        58      2    97%   133, 171
src\faststrap\components\navigation\listgroup.py           61      2    97%   184-185
src\faststrap\components\navigation\navbar.py              71      6    92%   88, 91, 122, 159, 165, 188
src\faststrap\components\navigation\pagination.py          47      0   100%
src\faststrap\components\navigation\scrollspy.py           20      0   100%
src\faststrap\components\navigation\sidebar_navbar.py      64      2    97%   114, 131
src\faststrap\components\navigation\tabs.py                63      1    98%   68
src\faststrap\components\patterns.py                       41     41     0%   3-114
src\faststrap\components\patterns\__init__.py               6      0   100%
src\faststrap\components\patterns\feature.py               17      9    47%   34-40, 68-70
src\faststrap\components\patterns\footer.py                61      1    98%   107
src\faststrap\components\patterns\navbar.py                15      8    47%   35-43
src\faststrap\components\patterns\pricing.py               24     14    42%   42-72, 104-113
src\faststrap\components\patterns\testimonial.py           51      0   100%
src\faststrap\core\__init__.py                              5      0   100%
src\faststrap\core\_stability.py                           16      3    81%   47-49
src\faststrap\core\assets.py                              129     19    85%   155, 158, 190, 271, 280, 284, 291, 343-360, 441-456, 478, 498
src\faststrap\core\base.py                                 45     17    62%   47-49, 54, 58-59, 63-77
src\faststrap\core\effects.py                              31      0   100%
src\faststrap\core\registry.py                             39     11    72%   57, 62, 75-78, 99-114
src\faststrap\core\theme.py                                89     35    61%   248-249, 251-252, 317, 320-321, 359-386, 391-402, 429, 501-503
src\faststrap\core\types.py                                14      0   100%
src\faststrap\layouts\__init__.py                           4      0   100%
src\faststrap\layouts\auth.py                              38     31    18%   92-164
src\faststrap\layouts\dashboard.py                         11      5    55%   36-90
src\faststrap\layouts\landing.py                            7      1    86%   28
src\faststrap\presets\__init__.py                           4      0   100%
src\faststrap\presets\auth.py                              32     17    47%   78-90, 95-105, 109
src\faststrap\presets\interactions.py                      63      7    89%   75, 148, 153, 225, 294, 372, 381
src\faststrap\presets\responses.py                         24      7    71%   112, 148, 177, 235-246
src\faststrap\pwa\__init__.py                               2      0   100%
src\faststrap\pwa\core.py                                  30      3    90%   154, 163, 174
src\faststrap\seo\__init__.py                               3      0   100%
src\faststrap\seo\meta.py                                  60      0   100%
src\faststrap\seo\structured_data.py                       41      0   100%
src\faststrap\utils\__init__.py                             3      0   100%
src\faststrap\utils\attrs.py                               75     43    43%   28-30, 34-39, 43-48, 80, 82, 87-95, 100, 110-111, 115-116, 122-127, 130-136, 140
src\faststrap\utils\icons.py                                5      0   100%
src\faststrap\utils\static_management.py                   89     42    53%   37, 56-62, 69, 76-81, 103-115, 128, 135-140, 155-164, 170, 178
-------------------------------------------------------------------------------------
TOTAL                                                    3197    530    83%
Coverage HTML written to dir htmlcov
Coverage XML written to file coverage.xml
============================= 539 passed in 4.45s =============================
