============================= test session starts =============================
platform win32 -- Python 3.13.7, pytest-9.0.2, pluggy-1.6.0 -- C:\Python 3.13.7\python.exe
cachedir: .pytest_cache
rootdir: C:\Users\Meshell\Desktop\FastHTML\Faststrap
configfile: pyproject.toml
plugins: anyio-4.11.0, asyncio-1.3.0, cov-7.0.0
asyncio: mode=Mode.STRICT, debug=False, asyncio_default_fixture_loop_scope=None, asyncio_default_test_loop_scope=function
collecting ... collected 0 items / 1 error

=================================== ERRORS ====================================
___________________ ERROR collecting tests/test_seo_meta.py ___________________
ImportError while importing test module 'C:\Users\Meshell\Desktop\FastHTML\Faststrap\tests\test_seo_meta.py'.
Hint: make sure your test modules/packages have valid Python names.
Traceback:
C:\Python 3.13.7\Lib\site-packages\_pytest\python.py:507: in importtestmodule
    mod = import_path(
C:\Python 3.13.7\Lib\site-packages\_pytest\pathlib.py:587: in import_path
    importlib.import_module(module_name)
C:\Python 3.13.7\Lib\importlib\__init__.py:88: in import_module
    return _bootstrap._gcd_import(name[level:], package, level)
           ^^^^^^^^^^^^^^^^^^^^^^^^^^^^^^^^^^^^^^^^^^^^^^^^^^^^
<frozen importlib._bootstrap>:1387: in _gcd_import
    ???
<frozen importlib._bootstrap>:1360: in _find_and_load
    ???
<frozen importlib._bootstrap>:1331: in _find_and_load_unlocked
    ???
<frozen importlib._bootstrap>:935: in _load_unlocked
    ???
C:\Python 3.13.7\Lib\site-packages\_pytest\assertion\rewrite.py:197: in exec_module
    exec(co, module.__dict__)
tests\test_seo_meta.py:6: in <module>
    from faststrap.seo import SEO
E   ModuleNotFoundError: No module named 'faststrap.seo'
=========================== short test summary info ===========================
ERROR tests/test_seo_meta.py
!!!!!!!!!!!!!!!!!!! Interrupted: 1 error during collection !!!!!!!!!!!!!!!!!!!!
============================== 1 error in 0.79s ===============================
